.next/types/app/api/webhooks/councilia/route.ts(150,7): error TS2344: Type '{ __tag__: "POST"; __param_position__: "first"; __param_type__: NextApiRequest; }' does not satisfy the constraint 'ParamCheck<NextRequest | Request>'.
  Types of property '__param_type__' are incompatible.
    Type 'NextApiRequest' is not assignable to type 'NextRequest | Request'.
      Type 'NextApiRequest' is missing the following properties from type 'NextRequest': geo, ip, nextUrl, page, and 20 more.
.next/types/app/api/webhooks/councilia/route.ts(176,7): error TS2344: Type '{ __tag__: "POST"; __return_type__: unknown; }' does not satisfy the constraint '{ __tag__: "POST"; __return_type__: void | Response | Promise<void | Response>; }'.
  Types of property '__return_type__' are incompatible.
    Type 'unknown' is not assignable to type 'void | Response | Promise<void | Response>'.
src/app/api/report/route.ts(95,7): error TS2322: Type '"agro" | "healthcare" | "finance" | "government" | "corporate"' is not assignable to type '"agro" | "healthcare" | "finance" | "general"'.
  Type '"government"' is not assignable to type '"agro" | "healthcare" | "finance" | "general"'.
